{
    "start_timestamp": "1970-01-01T00:00:00Z",
    "timestamp": "1970-01-01T00:00:00Z",
    "type": "transaction",
    "contexts": {
        "trace": {
            "trace_id": "d6c4f03650bd47699ec65c84352b6208",
            "span_id": "1cc4b26ab9094ef0",
            "op": "http.server",
            "description": "/api/users/{user_id}"
        }
    },
    "sdk": {},
    "tags": {
        "organization": "12345",
        "span_kind": "server",
        "status_message": "HTTP OK"
    },
    "transaction": "/api/users/{user_id}",
    "user": {},
    "spans": [
        {
            "start_timestamp": "1970-01-01T00:00:00Z",
            "timestamp": "1970-01-01T00:00:00Z",
            "trace_id": "d6c4f03650bd47699ec65c84352b6208",
            "span_id": "93ba92db3fa24752",
            "parent_span_id": "1cc4b26ab9094ef0",
            "description": "SELECT * FROM user WHERE \"user\".\"id\" = {id}",
            "op": "db",
            "tags": {
                "function_name": "get_users",
                "span_kind": "server",
                "status_message": "MYSQL OK"
            },
            "status": "ok"
        },
        {
            "start_timestamp": "1970-01-01T00:00:00Z",
            "timestamp": "1970-01-01T00:00:00Z",
            "trace_id": "d6c4f03650bd47699ec65c84352b6208",
            "span_id": "1fa8913ec3814d34",
            "parent_span_id": "93ba92db3fa24752",
            "description": "DB locked",
            "op": "db",
            "tags": {
                "db_status": "oh no im locked rn",
                "span_kind": "server",
                "status_message": "MYSQL OK"
            },
            "status": "ok"
        },
        {
            "start_timestamp": "1970-01-01T00:00:00Z",
            "timestamp": "1970-01-01T00:00:00Z",
            "trace_id": "d6c4f03650bd47699ec65c84352b6208",
            "span_id": "34efcde268684bb0",
            "parent_span_id": "1cc4b26ab9094ef0",
            "description": "Serialize stuff",
            "tags": {
                "span_kind": "server"
            },
            "status": "ok"
        }
    ]
}